Startpoint: _1175666_ (rising edge-triggered flip-flop clocked by clk_sys)
Endpoint: _1175894_ (rising edge-triggered flip-flop clocked by clk_sys)
Path Group: clk_sys
Path Type: max

  Delay    Time   Description
---------------------------------------------------------
   0.00    0.00   clock clk_sys (rise edge)
   0.00    0.00   clock network delay (ideal)
   0.00    0.00 ^ _1175666_/CLK (sky130_fd_sc_hd__dfxtp_1)
   0.46    0.46 v _1175666_/Q (sky130_fd_sc_hd__dfxtp_1)
   8.94    9.41 ^ _1164731_/Y (sky130_fd_sc_hd__nor4_1)
  15.47   24.88 v _1164744_/Y (sky130_fd_sc_hd__xnor2_1)
   4.59   29.47 ^ _1165070_/Y (sky130_fd_sc_hd__o21ai_0)
   0.53   30.00 ^ _1174470_/X (sky130_fd_sc_hd__and3_1)
   0.07   30.07 v _1174687_/Y (sky130_fd_sc_hd__nor4_1)
   0.10   30.17 ^ _1174689_/Y (sky130_fd_sc_hd__nand4_1)
   0.05   30.22 v _1174690_/Y (sky130_fd_sc_hd__nor3_1)
   0.21   30.44 v _1174691_/X (sky130_fd_sc_hd__and3_1)
   7.23   37.67 ^ _1174710_/Y (sky130_fd_sc_hd__nor2_1)
   1.58   39.25 v _1174711_/Y (sky130_fd_sc_hd__clkinv_1)
   0.00   39.25 v _1175894_/DE (sky130_fd_sc_hd__edfxtp_1)
          39.25   data arrival time

  20.00   20.00   clock clk_sys (rise edge)
   0.00   20.00   clock network delay (ideal)
   0.00   20.00   clock reconvergence pessimism
          20.00 ^ _1175894_/CLK (sky130_fd_sc_hd__edfxtp_1)
  -0.76   19.24   library setup time
          19.24   data required time
---------------------------------------------------------
          19.24   data required time
         -39.25   data arrival time
---------------------------------------------------------
         -20.01   slack (VIOLATED)


